[wordpressriverthemes.com/htmltemp/pixlab/index.html]
[backblue.gif]
[fade.gif]
[index.html]
[wordpressriverthemes.com/htmltemp/pixlab/assets/images/favicon.ico]
[wordpressriverthemes.com/htmltemp/pixlab/assets/css/default.css]
[wordpressriverthemes.com/htmltemp/pixlab/assets/css/style.css]
[wordpressriverthemes.com/htmltemp/pixlab/assets/css/responsive.css]
[wordpressriverthemes.com/htmltemp/pixlab/index-2.html]
[wordpressriverthemes.com/htmltemp/pixlab/assets/images/logo/logo-1.png]
[wordpressriverthemes.com/htmltemp/pixlab/index-3.html]
[wordpressriverthemes.com/htmltemp/pixlab/index-4.html]
[wordpressriverthemes.com/htmltemp/pixlab/index-3-dark.html]
[wordpressriverthemes.com/htmltemp/pixlab/onepage-index-1.html]
[wordpressriverthemes.com/htmltemp/pixlab/onepage-index-2.html]
[wordpressriverthemes.com/htmltemp/pixlab/onepage-index-3.html]
[wordpressriverthemes.com/htmltemp/pixlab/onepage-index-3-dark.html]
[wordpressriverthemes.com/htmltemp/pixlab/services.html]
[wordpressriverthemes.com/htmltemp/pixlab/service-details.html]
[wordpressriverthemes.com/htmltemp/pixlab/projects.html]
[wordpressriverthemes.com/htmltemp/pixlab/project-details.html]
[wordpressriverthemes.com/htmltemp/pixlab/about.html]
[wordpressriverthemes.com/htmltemp/pixlab/team.html]
[wordpressriverthemes.com/htmltemp/pixlab/team-details.html]
[wordpressriverthemes.com/htmltemp/pixlab/blogs.html]
[wordpressriverthemes.com/htmltemp/pixlab/blog-details.html]
[wordpressriverthemes.com/htmltemp/pixlab/contact.html]
[wordpressriverthemes.com/htmltemp/pixlab/assets/images/dot.png]
[wordpressriverthemes.com/htmltemp/pixlab/assets/images/hero/hero-one-img-1.jpg]
[wordpressriverthemes.com/htmltemp/pixlab/assets/images/hero/hero-one-img-2.jpg]
[wordpressriverthemes.com/htmltemp/pixlab/assets/images/shape/circle-logo-1.png]
[wordpressriverthemes.com/htmltemp/pixlab/assets/images/shape/shape-1.png]
[wordpressriverthemes.com/htmltemp/pixlab/assets/images/shape/shape-2.png]
[wordpressriverthemes.com/htmltemp/pixlab/assets/images/shape/shape-3.png]
[wordpressriverthemes.com/htmltemp/pixlab/assets/images/about/about-1.jpg]
[wordpressriverthemes.com/htmltemp/pixlab/assets/images/shape/circle-logo-2.png]
[wordpressriverthemes.com/htmltemp/pixlab/assets/images/portfolio/img-1.jpg]
[wordpressriverthemes.com/htmltemp/pixlab/assets/images/portfolio/img-2.jpg]
[wordpressriverthemes.com/htmltemp/pixlab/assets/images/portfolio/img-3.jpg]
[wordpressriverthemes.com/htmltemp/pixlab/assets/images/portfolio/img-4.jpg]
[wordpressriverthemes.com/htmltemp/pixlab/assets/images/portfolio/img-5.jpg]
[wordpressriverthemes.com/htmltemp/pixlab/assets/images/portfolio/img-6.jpg]
[wordpressriverthemes.com/htmltemp/pixlab/assets/images/cta/img-1.jpg]
[wordpressriverthemes.com/htmltemp/pixlab/assets/images/testimonial/img-3.jpg]
[wordpressriverthemes.com/htmltemp/pixlab/assets/images/testimonial/img-1.jpg]
[wordpressriverthemes.com/htmltemp/pixlab/assets/images/team/img-1.jpg]
[wordpressriverthemes.com/htmltemp/pixlab/assets/images/team/img-2.jpg]
[wordpressriverthemes.com/htmltemp/pixlab/assets/images/team/img-3.jpg]
[wordpressriverthemes.com/htmltemp/pixlab/assets/images/team/img-4.jpg]
[wordpressriverthemes.com/htmltemp/pixlab/assets/images/shape/shape-4.png]
[wordpressriverthemes.com/htmltemp/pixlab/assets/images/contact/contact-1.jpg]
[wordpressriverthemes.com/htmltemp/pixlab/assets/images/logo/footer-logo-1.png]
[wordpressriverthemes.com/htmltemp/pixlab/assets/vendor/jquery-3.6.0.min.js]
[wordpressriverthemes.com/htmltemp/pixlab/assets/vendor/popper/popper.min.js]
[wordpressriverthemes.com/htmltemp/pixlab/assets/vendor/bootstrap/js/bootstrap.min.js]
[wordpressriverthemes.com/htmltemp/pixlab/assets/vendor/slick/slick.min.js]
[wordpressriverthemes.com/htmltemp/pixlab/assets/vendor/magnific-popup/dist/jquery.magnific-popup.min.js]
[wordpressriverthemes.com/htmltemp/pixlab/assets/vendor/isotope.min.js]
[wordpressriverthemes.com/htmltemp/pixlab/assets/vendor/imagesloaded.min.js]
[wordpressriverthemes.com/htmltemp/pixlab/assets/vendor/jquery.counterup.min.js]
[wordpressriverthemes.com/htmltemp/pixlab/assets/vendor/jquery.waypoints.js]
[wordpressriverthemes.com/htmltemp/pixlab/assets/vendor/nice-select/js/jquery.nice-select.min.js]
[wordpressriverthemes.com/htmltemp/pixlab/assets/vendor/wow.min.js]
[wordpressriverthemes.com/htmltemp/pixlab/assets/vendor/parallax.min.js]
[wordpressriverthemes.com/htmltemp/pixlab/index.html]
[wordpressriverthemes.com/htmltemp/pixlab/assets/css/default.css]
[wordpressriverthemes.com/htmltemp/pixlab/assets/js/theme.js]
[wordpressriverthemes.com/htmltemp/pixlab/assets/vendor/animate.css]
[wordpressriverthemes.com/htmltemp/pixlab/assets/fonts/flaticon/flaticon.css]
[wordpressriverthemes.com/htmltemp/pixlab/assets/fonts/fontawesome/css/all.min.css]
[wordpressriverthemes.com/htmltemp/pixlab/assets/vendor/bootstrap/css/bootstrap.min.css]
[wordpressriverthemes.com/htmltemp/pixlab/assets/vendor/slick/slick.css]
[wordpressriverthemes.com/htmltemp/pixlab/assets/vendor/magnific-popup/dist/magnific-popup.css]
[wordpressriverthemes.com/htmltemp/pixlab/assets/vendor/nice-select/css/nice-select.css]
[wordpressriverthemes.com/htmltemp/pixlab/assets/images/border-1.png]
[wordpressriverthemes.com/htmltemp/pixlab/assets/images/border-2.png]
[wordpressriverthemes.com/htmltemp/pixlab/assets/images/shape/bg-shape-1.png]
[wordpressriverthemes.com/htmltemp/pixlab/assets/images/shape/bg-shape-2.png]
[wordpressriverthemes.com/htmltemp/pixlab/assets/images/shape/pattern-shape-1.png]
[wordpressriverthemes.com/htmltemp/pixlab/assets/images/map.png]
[wordpressriverthemes.com/htmltemp/pixlab/assets/images/shape/line.png]
[wordpressriverthemes.com/htmltemp/pixlab/assets/images/blog/blog-bg-1.jpg]
[wordpressriverthemes.com/htmltemp/pixlab/assets/images/line.png]
[wordpressriverthemes.com/htmltemp/pixlab/assets/images/widget/contact-2.png]
[wordpressriverthemes.com/htmltemp/pixlab/assets/images/footer/footer-page-bg-2.png]
[wordpressriverthemes.com/htmltemp/pixlab/assets/images/footer/footer-page-bg-1.png]
[wordpressriverthemes.com/htmltemp/pixlab/assets/css/style.css]
[wordpressriverthemes.com/htmltemp/pixlab/assets/css/responsive.css]
[wordpressriverthemes.com/htmltemp/pixlab/index-2.html]
[wordpressriverthemes.com/htmltemp/pixlab/assets/images/hero/hero-two-shape-1.png]
[wordpressriverthemes.com/htmltemp/pixlab/assets/images/hero/hero-two-shape-2.png]
[wordpressriverthemes.com/htmltemp/pixlab/assets/images/hero/hero-two-shape-3.png]
[wordpressriverthemes.com/htmltemp/pixlab/assets/images/hero/dot-pattern.png]
[wordpressriverthemes.com/htmltemp/pixlab/assets/images/hero/hero-three-img-1-1.png]
[wordpressriverthemes.com/htmltemp/pixlab/assets/images/hero/shape-1.png]
[wordpressriverthemes.com/htmltemp/pixlab/assets/images/hero/shape-2.png]
[wordpressriverthemes.com/htmltemp/pixlab/assets/images/shape/shape-5.png]
[wordpressriverthemes.com/htmltemp/pixlab/assets/images/about/about-3.jpg]
[wordpressriverthemes.com/htmltemp/pixlab/assets/images/portfolio/img-10.jpg]
[wordpressriverthemes.com/htmltemp/pixlab/assets/images/portfolio/img-11.jpg]
[wordpressriverthemes.com/htmltemp/pixlab/assets/images/portfolio/img-12.jpg]
[wordpressriverthemes.com/htmltemp/pixlab/assets/images/portfolio/img-13.jpg]
[wordpressriverthemes.com/htmltemp/pixlab/assets/images/portfolio/img-14.jpg]
[wordpressriverthemes.com/htmltemp/pixlab/assets/images/portfolio/img-15.jpg]
[wordpressriverthemes.com/htmltemp/pixlab/assets/images/video/img-1.jpg]
[wordpressriverthemes.com/htmltemp/pixlab/assets/images/partners/img-1.png]
[wordpressriverthemes.com/htmltemp/pixlab/assets/images/partners/img-2.png]
[wordpressriverthemes.com/htmltemp/pixlab/assets/images/partners/img-3.png]
[wordpressriverthemes.com/htmltemp/pixlab/assets/images/partners/img-4.png]
[wordpressriverthemes.com/htmltemp/pixlab/assets/images/partners/img-5.png]
[wordpressriverthemes.com/htmltemp/pixlab/assets/images/partners/img-6.png]
[wordpressriverthemes.com/htmltemp/pixlab/assets/images/partners/img-7.png]
[wordpressriverthemes.com/htmltemp/pixlab/assets/images/partners/img-8.png]
[wordpressriverthemes.com/htmltemp/pixlab/assets/images/partners/img-9.png]
[wordpressriverthemes.com/htmltemp/pixlab/assets/images/partners/img-10.png]
[wordpressriverthemes.com/htmltemp/pixlab/assets/images/testimonial/img-2.jpg]
[wordpressriverthemes.com/htmltemp/pixlab/index-3.html]
[wordpressriverthemes.com/htmltemp/pixlab/assets/images/bar.png]
[wordpressriverthemes.com/htmltemp/pixlab/assets/images/hero/hero-pattern.png]
[wordpressriverthemes.com/htmltemp/pixlab/assets/images/shape/shape-15.png]
[wordpressriverthemes.com/htmltemp/pixlab/assets/images/shape/shape-17.png]
[wordpressriverthemes.com/htmltemp/pixlab/assets/images/shape/shape-13.png]
[wordpressriverthemes.com/htmltemp/pixlab/assets/images/shape/shape-14.png]
[wordpressriverthemes.com/htmltemp/pixlab/assets/images/shape/shape-16.png]
[wordpressriverthemes.com/htmltemp/pixlab/assets/images/hero/hero-two-img-1.png]
[wordpressriverthemes.com/htmltemp/pixlab/assets/images/icon/icon-1.png]
[wordpressriverthemes.com/htmltemp/pixlab/assets/images/icon/icon-2.png]
[wordpressriverthemes.com/htmltemp/pixlab/assets/images/icon/icon-3.png]
[wordpressriverthemes.com/htmltemp/pixlab/assets/images/icon/icon-4.png]
[wordpressriverthemes.com/htmltemp/pixlab/assets/images/icon/icon-5.png]
[wordpressriverthemes.com/htmltemp/pixlab/assets/images/icon/icon-6.png]
[wordpressriverthemes.com/htmltemp/pixlab/assets/images/about/img-6.png]
[wordpressriverthemes.com/htmltemp/pixlab/assets/images/partners/img-11.png]
[wordpressriverthemes.com/htmltemp/pixlab/assets/images/partners/img-12.png]
[wordpressriverthemes.com/htmltemp/pixlab/assets/images/partners/img-13.png]
[wordpressriverthemes.com/htmltemp/pixlab/assets/images/partners/img-14.png]
[wordpressriverthemes.com/htmltemp/pixlab/assets/images/partners/img-15.png]
[wordpressriverthemes.com/htmltemp/pixlab/assets/images/partners/img-16.png]
[wordpressriverthemes.com/htmltemp/pixlab/assets/images/portfolio/img-16.jpg]
[wordpressriverthemes.com/htmltemp/pixlab/assets/images/portfolio/img-17.jpg]
[wordpressriverthemes.com/htmltemp/pixlab/assets/images/portfolio/img-18.jpg]
[wordpressriverthemes.com/htmltemp/pixlab/assets/images/portfolio/img-19.jpg]
[wordpressriverthemes.com/htmltemp/pixlab/assets/images/portfolio/img-20.jpg]
[wordpressriverthemes.com/htmltemp/pixlab/assets/images/icon/icon-16.png]
[wordpressriverthemes.com/htmltemp/pixlab/assets/images/icon/icon-17.png]
[wordpressriverthemes.com/htmltemp/pixlab/assets/images/icon/icon-18.png]
[wordpressriverthemes.com/htmltemp/pixlab/assets/images/icon/icon-19.png]
[wordpressriverthemes.com/htmltemp/pixlab/assets/images/testimonial/img-4.png]
[wordpressriverthemes.com/htmltemp/pixlab/assets/images/testimonial/thumb-1.jpg]
[wordpressriverthemes.com/htmltemp/pixlab/assets/images/testimonial/thumb-2.jpg]
[wordpressriverthemes.com/htmltemp/pixlab/assets/images/shape/pattern-shape-2.png]
[wordpressriverthemes.com/htmltemp/pixlab/assets/images/shape/line-2.png]
[wordpressriverthemes.com/htmltemp/pixlab/assets/images/shape/line-3.png]
[wordpressriverthemes.com/htmltemp/pixlab/assets/images/icon/icon-20.png]
[wordpressriverthemes.com/htmltemp/pixlab/assets/images/icon/icon-21.png]
[wordpressriverthemes.com/htmltemp/pixlab/assets/images/icon/icon-22.png]
[wordpressriverthemes.com/htmltemp/pixlab/assets/images/blog/img-1.jpg]
[wordpressriverthemes.com/htmltemp/pixlab/assets/images/blog/img-2.jpg]
[wordpressriverthemes.com/htmltemp/pixlab/assets/images/blog/img-3.jpg]
[wordpressriverthemes.com/htmltemp/pixlab/assets/images/shape/shape-18.png]
[wordpressriverthemes.com/htmltemp/pixlab/assets/images/shape/shape-19.png]
[wordpressriverthemes.com/htmltemp/pixlab/assets/images/shape/shape-20.png]
[wordpressriverthemes.com/htmltemp/pixlab/assets/images/cta/img-2.png]
[wordpressriverthemes.com/htmltemp/pixlab/assets/images/logo/footer-logo-2.png]
[wordpressriverthemes.com/htmltemp/pixlab/assets/images/icon/icon-14.png]
[wordpressriverthemes.com/htmltemp/pixlab/assets/images/icon/icon-15.png]
[wordpressriverthemes.com/htmltemp/pixlab/index-4.html]
[wordpressriverthemes.com/htmltemp/pixlab/assets/images/logo/dark-white.png]
[wordpressriverthemes.com/htmltemp/pixlab/assets/images/dark-white-bar.png]
[wordpressriverthemes.com/htmltemp/pixlab/assets/images/logo/dark-footer-white.png]
[wordpressriverthemes.com/htmltemp/pixlab/index-3-dark.html]
[wordpressriverthemes.com/htmltemp/pixlab/onepage-index-1.html]
[wordpressriverthemes.com/htmltemp/pixlab/onepage-index-2.html]
[wordpressriverthemes.com/htmltemp/pixlab/onepage-index-3.html]
[wordpressriverthemes.com/htmltemp/pixlab/onepage-index-3-dark.html]
[wordpressriverthemes.com/htmltemp/pixlab/assets/images/breadcrumb/img-2.jpg]
[wordpressriverthemes.com/htmltemp/pixlab/assets/images/about/img-5.png]
[wordpressriverthemes.com/htmltemp/pixlab/assets/images/shape/shape-7.png]
[wordpressriverthemes.com/htmltemp/pixlab/assets/images/shape/shape-8.png]
[wordpressriverthemes.com/htmltemp/pixlab/assets/images/skill/img-2.jpg]
[wordpressriverthemes.com/htmltemp/pixlab/assets/images/shape/shape-9.png]
[wordpressriverthemes.com/htmltemp/pixlab/services.html]
[wordpressriverthemes.com/htmltemp/pixlab/assets/images/icon/icon-7.png]
[wordpressriverthemes.com/htmltemp/pixlab/assets/images/icon/icon-8.png]
[wordpressriverthemes.com/htmltemp/pixlab/assets/images/icon/icon-9.png]
[wordpressriverthemes.com/htmltemp/pixlab/assets/images/shape/shape-10.png]
[wordpressriverthemes.com/htmltemp/pixlab/assets/images/shape/shape-11.png]
[wordpressriverthemes.com/htmltemp/pixlab/assets/images/icon/icon-10.png]
[wordpressriverthemes.com/htmltemp/pixlab/assets/images/icon/icon-11.png]
[wordpressriverthemes.com/htmltemp/pixlab/assets/images/icon/icon-12.png]
[wordpressriverthemes.com/htmltemp/pixlab/assets/images/icon/icon-13.png]
[wordpressriverthemes.com/htmltemp/pixlab/service-details.html]
[wordpressriverthemes.com/htmltemp/pixlab/assets/images/breadcrumb/img-3.jpg]
[wordpressriverthemes.com/htmltemp/pixlab/assets/images/portfolio/img-7.jpg]
[wordpressriverthemes.com/htmltemp/pixlab/assets/images/portfolio/img-8.jpg]
[wordpressriverthemes.com/htmltemp/pixlab/assets/images/portfolio/img-9.jpg]
[wordpressriverthemes.com/htmltemp/pixlab/projects.html]
[wordpressriverthemes.com/htmltemp/pixlab/assets/images/portfolio/single-img-1.jpg]
[wordpressriverthemes.com/htmltemp/pixlab/assets/images/portfolio/thumb-1.jpg]
[wordpressriverthemes.com/htmltemp/pixlab/assets/images/portfolio/icon-1.png]
[wordpressriverthemes.com/htmltemp/pixlab/project-details.html]
[wordpressriverthemes.com/htmltemp/pixlab/assets/images/portfolio/thumb-2.jpg]
[wordpressriverthemes.com/htmltemp/pixlab/assets/images/breadcrumb/img-1.jpg]
[wordpressriverthemes.com/htmltemp/pixlab/assets/images/about/about-4.png]
[wordpressriverthemes.com/htmltemp/pixlab/assets/images/shape/shape-6.png]
[wordpressriverthemes.com/htmltemp/pixlab/assets/images/about/img-4.jpg]
[wordpressriverthemes.com/htmltemp/pixlab/about.html]
[wordpressriverthemes.com/htmltemp/pixlab/assets/images/skill/img-1.jpg]
[wordpressriverthemes.com/htmltemp/pixlab/assets/images/team/img-5.jpg]
[wordpressriverthemes.com/htmltemp/pixlab/assets/images/team/img-6.jpg]
[wordpressriverthemes.com/htmltemp/pixlab/assets/images/team/img-7.jpg]
[wordpressriverthemes.com/htmltemp/pixlab/assets/images/team/img-8.jpg]
[wordpressriverthemes.com/htmltemp/pixlab/assets/images/shape/shape-12.png]
[wordpressriverthemes.com/htmltemp/pixlab/assets/images/team/img-9.jpg]
[wordpressriverthemes.com/htmltemp/pixlab/assets/images/team/img-10.jpg]
[wordpressriverthemes.com/htmltemp/pixlab/assets/images/team/img-11.jpg]
[wordpressriverthemes.com/htmltemp/pixlab/team.html]
[wordpressriverthemes.com/htmltemp/pixlab/assets/images/team/single-img-1.jpg]
[wordpressriverthemes.com/htmltemp/pixlab/team-details.html]
[wordpressriverthemes.com/htmltemp/pixlab/assets/images/blog/standard-1.jpg]
[wordpressriverthemes.com/htmltemp/pixlab/assets/images/blog/standard-2.jpg]
[wordpressriverthemes.com/htmltemp/pixlab/assets/images/blog/standard-3.jpg]
[wordpressriverthemes.com/htmltemp/pixlab/assets/images/blog/standard-4.jpg]
[wordpressriverthemes.com/htmltemp/pixlab/assets/images/widget/contact-1.jpg]
[wordpressriverthemes.com/htmltemp/pixlab/assets/images/widget/news-1.jpg]
[wordpressriverthemes.com/htmltemp/pixlab/assets/images/widget/news-2.jpg]
[wordpressriverthemes.com/htmltemp/pixlab/assets/images/widget/news-3.jpg]
[wordpressriverthemes.com/htmltemp/pixlab/blogs.html]
[wordpressriverthemes.com/htmltemp/pixlab/assets/images/blog/blog-single-1.jpg]
[wordpressriverthemes.com/htmltemp/pixlab/assets/images/blog/blog-single-2.jpg]
[wordpressriverthemes.com/htmltemp/pixlab/assets/images/blog/author-1.jpg]
[wordpressriverthemes.com/htmltemp/pixlab/assets/images/blog/comment-1.jpg]
[wordpressriverthemes.com/htmltemp/pixlab/assets/images/blog/comment-2.jpg]
[wordpressriverthemes.com/htmltemp/pixlab/assets/images/blog/comment-3.jpg]
[wordpressriverthemes.com/htmltemp/pixlab/blog-details.html]
[wordpressriverthemes.com/htmltemp/pixlab/mailto;hotlinein@gmail.com]
[wordpressriverthemes.com/htmltemp/pixlab/contact.html]
[wordpressriverthemes.com/htmltemp/pixlab/assets/vendor/animate.css]
[wordpressriverthemes.com/htmltemp/pixlab/assets/fonts/flaticon/flaticon3407.ttf]
[wordpressriverthemes.com/htmltemp/pixlab/assets/fonts/flaticon/flaticon3407.woff]
[wordpressriverthemes.com/htmltemp/pixlab/assets/fonts/flaticon/flaticon3407.woff2]
[wordpressriverthemes.com/htmltemp/pixlab/assets/fonts/flaticon/flaticon3407.eot]
[wordpressriverthemes.com/htmltemp/pixlab/assets/fonts/flaticon/flaticon.css]
[wordpressriverthemes.com/htmltemp/pixlab/assets/fonts/flaticon/flaticon3407.svg]
[wordpressriverthemes.com/htmltemp/pixlab/assets/fonts/fontawesome/webfonts/fa-brands-400.eot]
[wordpressriverthemes.com/htmltemp/pixlab/assets/fonts/fontawesome/webfonts/fa-brands-400d41d.eot]
[wordpressriverthemes.com/htmltemp/pixlab/assets/fonts/fontawesome/webfonts/fa-brands-400.woff2]
[wordpressriverthemes.com/htmltemp/pixlab/assets/fonts/fontawesome/webfonts/fa-brands-400.woff]
[wordpressriverthemes.com/htmltemp/pixlab/assets/fonts/fontawesome/webfonts/fa-brands-400.ttf]
[wordpressriverthemes.com/htmltemp/pixlab/assets/fonts/fontawesome/webfonts/fa-brands-400.svg]
[wordpressriverthemes.com/htmltemp/pixlab/assets/fonts/fontawesome/webfonts/fa-light-300.eot]
[wordpressriverthemes.com/htmltemp/pixlab/assets/fonts/fontawesome/webfonts/fa-light-300d41d.eot]
[wordpressriverthemes.com/htmltemp/pixlab/assets/fonts/fontawesome/webfonts/fa-light-300.woff2]
[wordpressriverthemes.com/htmltemp/pixlab/assets/fonts/fontawesome/webfonts/fa-light-300.woff]
[wordpressriverthemes.com/htmltemp/pixlab/assets/fonts/fontawesome/webfonts/fa-light-300.ttf]
[wordpressriverthemes.com/htmltemp/pixlab/assets/fonts/fontawesome/webfonts/fa-light-300.svg]
[wordpressriverthemes.com/htmltemp/pixlab/assets/fonts/fontawesome/webfonts/fa-regular-400.eot]
[wordpressriverthemes.com/htmltemp/pixlab/assets/fonts/fontawesome/webfonts/fa-regular-400d41d.eot]
[wordpressriverthemes.com/htmltemp/pixlab/assets/fonts/fontawesome/webfonts/fa-regular-400.woff2]
[wordpressriverthemes.com/htmltemp/pixlab/assets/fonts/fontawesome/webfonts/fa-regular-400.woff]
[wordpressriverthemes.com/htmltemp/pixlab/assets/fonts/fontawesome/webfonts/fa-regular-400.ttf]
[wordpressriverthemes.com/htmltemp/pixlab/assets/fonts/fontawesome/webfonts/fa-regular-400.svg]
[wordpressriverthemes.com/htmltemp/pixlab/assets/fonts/fontawesome/webfonts/fa-solid-900.eot]
[wordpressriverthemes.com/htmltemp/pixlab/assets/fonts/fontawesome/webfonts/fa-solid-900d41d.eot]
[wordpressriverthemes.com/htmltemp/pixlab/assets/fonts/fontawesome/webfonts/fa-solid-900.woff2]
[wordpressriverthemes.com/htmltemp/pixlab/assets/fonts/fontawesome/webfonts/fa-solid-900.woff]
[wordpressriverthemes.com/htmltemp/pixlab/assets/fonts/fontawesome/webfonts/fa-solid-900.ttf]
[wordpressriverthemes.com/htmltemp/pixlab/assets/fonts/fontawesome/webfonts/fa-solid-900.svg]
[wordpressriverthemes.com/htmltemp/pixlab/assets/fonts/fontawesome/css/all.min.css]
[wordpressriverthemes.com/htmltemp/pixlab/assets/vendor/bootstrap/css/bootstrap.min.css]
[wordpressriverthemes.com/htmltemp/pixlab/assets/vendor/slick/slick.css]
[wordpressriverthemes.com/htmltemp/pixlab/assets/vendor/magnific-popup/dist/magnific-popup.css]
[wordpressriverthemes.com/htmltemp/pixlab/assets/vendor/nice-select/css/nice-select.css]
[wordpressriverthemes.com/htmltemp/pixlab/mailto;hotlinein@gmail.html]
[wordpressriverthemes.com/htmltemp/pixlab/assets/fonts/flaticon/flaticon3407.svg]
[wordpressriverthemes.com/htmltemp/pixlab/assets/fonts/fontawesome/webfonts/fa-brands-400.html]
[wordpressriverthemes.com/htmltemp/pixlab/assets/fonts/fontawesome/webfonts/fa-light-300.html]
[wordpressriverthemes.com/htmltemp/pixlab/assets/fonts/fontawesome/webfonts/fa-regular-400.html]
[wordpressriverthemes.com/htmltemp/pixlab/assets/fonts/fontawesome/webfonts/fa-solid-900.html]
